---
source: crates/llm/src/golden_tests.rs
description: src/tests/response/responses/stream-failed.json
---
event: message_start
data: {"type":"message_start","message":{"id":"resp_terminal","type":"message","role":"assistant","content":[],"model":"gpt-5.6-luna","stop_reason":null,"stop_sequence":null,"usage":{"input_tokens":0,"output_tokens":0}}}

event: content_block_start
data: {"type":"content_block_start","index":0,"content_block":{"type":"text","text":""}}

event: content_block_delta
data: {"type":"content_block_delta","index":0,"delta":{"type":"text_delta","text":"Let me check."}}

event: content_block_stop
data: {"type":"content_block_stop","index":0}

event: content_block_start
data: {"type":"content_block_start","index":1,"content_block":{"type":"tool_use","id":"call_partial","name":"weather","input":{}}}

event: content_block_delta
data: {"type":"content_block_delta","index":1,"delta":{"type":"input_json_delta","partial_json":"{\"city\":"}}

event: error
data: {"type":"error","error":{"type":"api_error","message":"provider failed"}}



{
  "input_tokens": 100,
  "output_tokens": 5,
  "total_tokens": 105,
  "reasoning_tokens": 3,
  "cache_creation_input_tokens": 30,
  "cached_input_tokens": 20,
  "provider_model": "gpt-5.6-luna",
  "completion": [
    "Let me check."
  ]
}
