---
source: crates/llm/src/golden_tests.rs
description: src/tests/response/responses/stream-context_window.json
---
event: message_start
data: {"type":"message_start","message":{"id":"resp_terminal","type":"message","role":"assistant","content":[],"model":"gpt-5.6-luna","stop_reason":null,"stop_sequence":null,"usage":{"input_tokens":0,"output_tokens":0}}}

event: message_delta
data: {"type":"message_delta","delta":{"stop_reason":"max_tokens","stop_sequence":null},"usage":{"input_tokens":50,"output_tokens":5,"cache_creation_input_tokens":30,"cache_read_input_tokens":20}}

event: message_stop
data: {"type":"message_stop"}



{
  "input_tokens": 100,
  "output_tokens": 5,
  "total_tokens": 105,
  "reasoning_tokens": 3,
  "cache_creation_input_tokens": 30,
  "cached_input_tokens": 20,
  "provider_model": "gpt-5.6-luna",
  "completion": [
    ""
  ]
}
