---
source: crates/llm/src/golden_tests.rs
description: src/tests/response/responses/stream-error.json
---
event: message_start
data: {"type":"message_start","message":{"id":"resp_terminal","type":"message","role":"assistant","content":[],"model":"gpt-5.6-luna","stop_reason":null,"stop_sequence":null,"usage":{"input_tokens":0,"output_tokens":0}}}

event: error
data: {"type":"error","error":{"type":"rate_limit_error","message":"provider failed"}}



{
  "provider_model": "gpt-5.6-luna",
  "completion": [
    ""
  ]
}
