---
source: crates/llm/src/golden_tests.rs
description: src/tests/response/responses/truncated_tool_call.json
info:
  id: resp_truncated_tool_call
  status: incomplete
  model: gpt-x
  output:
    - type: function_call
      id: fc_1
      call_id: call_1
      name: get_weather
      arguments: "{\"location\": \"Par"
      status: incomplete
  object: response
  created_at: 123
  incomplete_details:
    reason: max_output_tokens
---
{
  "response": {
    "id": "[id]",
    "status": "incomplete",
    "output": [
      {
        "type": "function_call",
        "arguments": "{\"location\": \"Par",
        "call_id": "call_1",
        "name": "get_weather",
        "id": "[id]",
        "status": "incomplete"
      }
    ],
    "model": "gpt-x",
    "object": "response",
    "created_at": "[date]",
    "incomplete_details": {
      "reason": "max_output_tokens"
    }
  },
  "parsed": {
    "provider_model": "gpt-x",
    "output_messages": [
      {
        "role": "assistant",
        "content": [
          {
            "type": "tool_call",
            "id": "call_1",
            "name": "get_weather",
            "arguments": "{\"location\": \"Par"
          }
        ],
        "finish_reason": "incomplete"
      }
    ]
  }
}
