---
# Source: agentgateway/templates/monitoring.yaml
apiVersion: monitoring.coreos.com/v1
kind: ServiceMonitor
metadata:
  name: test-release-agentgateway
  namespace: default
  labels:
    helm.sh/chart: agentgateway-0.0.2
    agentgateway: agentgateway
    app.kubernetes.io/name: agentgateway
    app.kubernetes.io/instance: test-release
    app.kubernetes.io/version: "0.0.0-dev"
    app.kubernetes.io/managed-by: Helm
spec:
  selector:
    matchLabels:
      agentgateway: agentgateway
      app.kubernetes.io/name: agentgateway
      app.kubernetes.io/instance: test-release
  namespaceSelector:
    matchNames:
    - default
  endpoints:
  - port: metrics
    path: /metrics
    interval: 15s
