---
source: crates/llm/src/golden_tests.rs
description: src/tests/requests/messages/cache_control.json
info:
  model: gpt-5.6-terra
  max_tokens: 1024
  system:
    - type: text
      text: First system block
    - type: text
      text: Second system block
      cache_control:
        type: ephemeral
  messages:
    - role: assistant
      content:
        - type: text
          text: First assistant block
        - type: text
          text: Second assistant block
          cache_control:
            type: ephemeral
    - role: user
      content:
        - type: text
          text: Cached user text
          cache_control:
            type: ephemeral
        - type: image
          source:
            type: base64
            media_type: image/png
            data: aGVsbG8=
          cache_control:
            type: ephemeral
    - role: assistant
      content:
        - type: tool_use
          id: call_text
          name: lookup
          input: {}
        - type: tool_use
          id: call_array
          name: lookup
          input: {}
        - type: tool_use
          id: call_image
          name: lookup
          input: {}
        - type: tool_use
          id: call_mixed
          name: lookup
          input: {}
          cache_control:
            type: ephemeral
    - role: user
      content:
        - type: tool_result
          tool_use_id: call_text
          content: text result
          cache_control:
            type: ephemeral
        - type: tool_result
          tool_use_id: call_array
          content:
            - type: text
              text: array result
              cache_control:
                type: ephemeral
        - type: tool_result
          tool_use_id: call_image
          content:
            - type: image
              source:
                type: base64
                media_type: image/png
                data: aGVsbG8=
              cache_control:
                type: ephemeral
        - type: tool_result
          tool_use_id: call_mixed
          content:
            - type: text
              text: before image
            - type: image
              source:
                type: base64
                media_type: image/png
                data: aGVsbG8=
              cache_control:
                type: ephemeral
            - type: text
              text: after image
    - role: system
      content:
        - type: text
          text: System-role block
          cache_control:
            type: ephemeral
  tools:
    - name: lookup
      description: Look up information
      input_schema:
        type: object
        properties: {}
      cache_control:
        type: ephemeral
---
{
  "request": {
    "messages": [
      {
        "role": "assistant",
        "content": [
          {
            "text": "First assistant block"
          },
          {
            "text": "Second assistant block"
          },
          {
            "cachePoint": {
              "type": "default"
            }
          }
        ]
      },
      {
        "role": "user",
        "content": [
          {
            "text": "Cached user text"
          },
          {
            "cachePoint": {
              "type": "default"
            }
          },
          {
            "image": {
              "format": "png",
              "source": {
                "bytes": "aGVsbG8="
              }
            }
          },
          {
            "cachePoint": {
              "type": "default"
            }
          }
        ]
      },
      {
        "role": "assistant",
        "content": [
          {
            "toolUse": {
              "toolUseId": "call_text",
              "name": "lookup",
              "input": {}
            }
          },
          {
            "toolUse": {
              "toolUseId": "call_array",
              "name": "lookup",
              "input": {}
            }
          },
          {
            "toolUse": {
              "toolUseId": "call_image",
              "name": "lookup",
              "input": {}
            }
          },
          {
            "toolUse": {
              "toolUseId": "call_mixed",
              "name": "lookup",
              "input": {}
            }
          }
        ]
      },
      {
        "role": "user",
        "content": [
          {
            "toolResult": {
              "toolUseId": "call_text",
              "content": [
                {
                  "text": "text result"
                }
              ],
              "status": null
            }
          },
          {
            "toolResult": {
              "toolUseId": "call_array",
              "content": [
                {
                  "text": "array result"
                }
              ],
              "status": null
            }
          },
          {
            "toolResult": {
              "toolUseId": "call_image",
              "content": [
                {
                  "image": {
                    "format": "png",
                    "source": {
                      "bytes": "aGVsbG8="
                    }
                  }
                }
              ],
              "status": null
            }
          },
          {
            "toolResult": {
              "toolUseId": "call_mixed",
              "content": [
                {
                  "text": "before image"
                },
                {
                  "image": {
                    "format": "png",
                    "source": {
                      "bytes": "aGVsbG8="
                    }
                  }
                },
                {
                  "text": "after image"
                }
              ],
              "status": null
            }
          },
          {
            "text": "System-role block"
          }
        ]
      }
    ],
    "system": [
      {
        "text": "First system block"
      },
      {
        "text": "Second system block"
      },
      {
        "cachePoint": {
          "type": "default"
        }
      }
    ],
    "inferenceConfig": {
      "maxTokens": 1024
    },
    "toolConfig": {
      "tools": [
        {
          "toolSpec": {
            "name": "lookup",
            "description": "Look up information",
            "inputSchema": {
              "json": {
                "type": "object",
                "properties": {}
              }
            }
          }
        }
      ]
    }
  },
  "parsed": {
    "input_format": "Messages",
    "cache_convention": "InputIncludesCache",
    "request_model": "gpt-5.6-terra",
    "provider": "bedrock",
    "streaming": false,
    "params": {
      "max_tokens": 1024
    },
    "prompt": [
      {
        "role": "system",
        "content": "First system block\nSecond system block"
      },
      {
        "role": "assistant",
        "content": "First assistant block Second assistant block"
      },
      {
        "role": "user",
        "content": "Cached user text"
      },
      {
        "role": "assistant",
        "content": ""
      },
      {
        "role": "user",
        "content": ""
      },
      {
        "role": "system",
        "content": "System-role block"
      }
    ]
  }
}
