---
source: crates/llm/src/golden_tests.rs
description: src/tests/requests/messages/reasoning_replay.json
info:
  model: "claude-3-7-sonnet-20250219-v1:0"
  max_tokens: 1024
  messages:
    - role: user
      content:
        - type: text
          text: What is 2+2?
    - role: assistant
      content:
        - type: thinking
          thinking: Two plus two.
          signature: SIG-replay==
        - type: redacted_thinking
          data: cnNuX2pRenlYWklGSkxscEt5ZmxZa0NmdndJRmVMVjVaYkRXWDRo
        - type: text
          text: "4"
    - role: user
      content:
        - type: text
          text: And 3+3?
    - role: assistant
      content:
        - type: thinking
          thinking: Three plus three is six.
          signature: ""
        - type: text
          text: "6"
    - role: user
      content: Continue.
---
{
  "request": {
    "messages": [
      {
        "role": "user",
        "content": [
          {
            "type": "text",
            "text": "What is 2+2?"
          }
        ]
      },
      {
        "role": "assistant",
        "content": [
          {
            "type": "text",
            "text": "4"
          }
        ],
        "reasoning_content": "Two plus two.",
        "reasoning_signature": "SIG-replay=="
      },
      {
        "role": "user",
        "content": [
          {
            "type": "text",
            "text": "And 3+3?"
          }
        ]
      },
      {
        "role": "assistant",
        "content": [
          {
            "type": "text",
            "text": "6"
          }
        ],
        "reasoning_content": "Three plus three is six."
      },
      {
        "role": "user",
        "content": [
          {
            "type": "text",
            "text": "Continue."
          }
        ]
      }
    ],
    "model": "claude-3-7-sonnet-20250219-v1:0",
    "max_completion_tokens": 1024,
    "stream": false
  },
  "parsed": {
    "input_format": "Messages",
    "cache_convention": "InputIncludesCache",
    "request_model": "claude-3-7-sonnet-20250219-v1:0",
    "provider": "openai",
    "streaming": false,
    "params": {
      "max_tokens": 1024
    },
    "prompt": [
      {
        "role": "user",
        "content": "What is 2+2?"
      },
      {
        "role": "assistant",
        "content": "4"
      },
      {
        "role": "user",
        "content": "And 3+3?"
      },
      {
        "role": "assistant",
        "content": "6"
      },
      {
        "role": "user",
        "content": "Continue."
      }
    ]
  }
}
