---
source: crates/llm/src/golden_tests.rs
description: src/tests/requests/messages/server_tools.json
info:
  model: claude-opus-4-6
  max_tokens: 64
  messages:
    - role: user
      content: "Search the web for today's date"
  tools:
    - type: web_search_20250305
      name: web_search
      max_uses: 5
    - name: get_weather
      description: Get the weather
      input_schema:
        type: object
---
{
  "request": {
    "input": [
      {
        "type": "message",
        "role": "user",
        "content": [
          {
            "type": "input_text",
            "text": "Search the web for today's date"
          }
        ]
      }
    ],
    "model": "claude-opus-4-6",
    "max_output_tokens": 64,
    "stream": false,
    "tools": [
      {
        "type": "function",
        "name": "get_weather",
        "description": "Get the weather",
        "parameters": {
          "type": "object"
        },
        "strict": false
      }
    ]
  },
  "parsed": {
    "input_format": "Messages",
    "cache_convention": "InputIncludesCache",
    "request_model": "claude-opus-4-6",
    "provider": "responses",
    "streaming": false,
    "params": {
      "max_tokens": 64
    },
    "prompt": [
      {
        "role": "user",
        "content": "Search the web for today's date"
      }
    ]
  }
}
