---
source: crates/llm/src/golden_tests.rs
description: src/tests/requests/messages/system_message.json
info:
  model: gpt-5.6-terra
  max_tokens: 1024
  messages:
    - role: user
      content:
        - type: text
          text: "<system-reminder>\nAs you answer, be concise."
        - type: text
          text: hola
          cache_control:
            type: ephemeral
    - role: system
      content: The following skills are available for use.
---
{
  "request": {
    "messages": [
      {
        "role": "user",
        "content": [
          {
            "type": "text",
            "text": "<system-reminder>\nAs you answer, be concise."
          },
          {
            "type": "text",
            "text": "hola",
            "prompt_cache_breakpoint": {
              "mode": "explicit"
            }
          }
        ]
      },
      {
        "role": "system",
        "content": [
          {
            "type": "text",
            "text": "The following skills are available for use."
          }
        ]
      }
    ],
    "model": "gpt-5.6-terra",
    "max_completion_tokens": 1024,
    "stream": false
  },
  "parsed": {
    "input_format": "Messages",
    "cache_convention": "InputIncludesCache",
    "request_model": "gpt-5.6-terra",
    "provider": "openai",
    "streaming": false,
    "params": {
      "max_tokens": 1024
    },
    "prompt": [
      {
        "role": "user",
        "content": "<system-reminder>\nAs you answer, be concise. hola"
      },
      {
        "role": "system",
        "content": "The following skills are available for use."
      }
    ]
  }
}
