---
source: crates/llm/src/golden_tests.rs
description: src/tests/requests/messages/unknown_content.json
info:
  model: gpt-5.6-luna
  max_tokens: 64
  messages:
    - role: system
      content:
        - type: future_block
          data: unrecognized
        - type: text
          text: Be concise.
    - role: user
      content:
        - type: future_block
          data: unrecognized
        - type: text
          text: hello
    - role: assistant
      content:
        - type: future_block
          data: unrecognized
        - type: text
          text: Hello!
    - role: user
      content: Continue.
---
{
  "request": {
    "input": [
      {
        "type": "message",
        "role": "system",
        "content": [
          {
            "type": "input_text",
            "text": "Be concise."
          }
        ]
      },
      {
        "type": "message",
        "role": "user",
        "content": [
          {
            "type": "input_text",
            "text": "hello"
          }
        ]
      },
      {
        "type": "message",
        "id": "msg_redacted",
        "role": "assistant",
        "content": [
          {
            "type": "output_text",
            "text": "Hello!",
            "annotations": []
          }
        ],
        "status": "completed"
      },
      {
        "type": "message",
        "role": "user",
        "content": [
          {
            "type": "input_text",
            "text": "Continue."
          }
        ]
      }
    ],
    "model": "gpt-5.6-luna",
    "max_output_tokens": 64,
    "stream": false
  },
  "parsed": {
    "input_format": "Messages",
    "cache_convention": "InputIncludesCache",
    "request_model": "gpt-5.6-luna",
    "provider": "responses",
    "streaming": false,
    "params": {
      "max_tokens": 64
    },
    "prompt": [
      {
        "role": "system",
        "content": "Be concise."
      },
      {
        "role": "user",
        "content": "hello"
      },
      {
        "role": "assistant",
        "content": "Hello!"
      },
      {
        "role": "user",
        "content": "Continue."
      }
    ]
  }
}
