---
source: crates/llm/src/golden_tests.rs
description: src/tests/requests/responses/input-list.json
info:
  input:
    - role: user
      content: Hello
    - type: reasoning
      id: rs_replay
      summary: []
      encrypted_content: cnNuX2pRenlYWklGSkxscEt5ZmxZa0NmdndJRmVMVjVaYkRXWDRo
    - role: assistant
      content: Hello!
    - role: user
      content: How are you?
    - type: reasoning
      id: rs_unsigned
      summary: []
      content:
        - type: reasoning_text
          text: Let me think through this.
    - role: user
      content: Continue.
    - type: reasoning
      id: rs_empty
      summary: []
    - role: user
      content: Please continue.
  model: gpt-4o
  stream: true
---
{
  "request": {
    "messages": [
      {
        "role": "user",
        "content": [
          {
            "text": "Hello"
          }
        ]
      },
      {
        "role": "assistant",
        "content": [
          {
            "reasoningContent": {
              "redactedContent": "cnNuX2pRenlYWklGSkxscEt5ZmxZa0NmdndJRmVMVjVaYkRXWDRo"
            }
          },
          {
            "text": "Hello!"
          }
        ]
      },
      {
        "role": "user",
        "content": [
          {
            "text": "How are you?"
          }
        ]
      },
      {
        "role": "assistant",
        "content": [
          {
            "reasoningContent": {
              "reasoningText": {
                "text": "Let me think through this."
              }
            }
          }
        ]
      },
      {
        "role": "user",
        "content": [
          {
            "text": "Continue."
          },
          {
            "text": "Please continue."
          }
        ]
      }
    ],
    "inferenceConfig": {
      "maxTokens": 4096
    }
  },
  "parsed": {
    "input_format": "Responses",
    "cache_convention": "InputIncludesCache",
    "request_model": "gpt-4o",
    "provider": "bedrock",
    "streaming": true,
    "params": {},
    "prompt": [
      {
        "role": "user",
        "content": "Hello"
      },
      {
        "role": "assistant",
        "content": "Hello!"
      },
      {
        "role": "user",
        "content": "How are you?"
      },
      {
        "role": "user",
        "content": "Continue."
      },
      {
        "role": "user",
        "content": "Please continue."
      }
    ]
  }
}
