---
source: crates/llm/src/golden_tests.rs
description: src/tests/response/bedrock/reasoning_redacted.json
info:
  output:
    message:
      role: assistant
      content:
        - reasoningContent:
            reasoningText:
              text: Two plus two is four.
              signature: SIG-xyz==
        - reasoningContent:
            redactedContent: cnNuX2pRenlYWklGSkxscEt5ZmxZa0NmdndJRmVMVjVaYkRXWDRo
        - text: The answer is 4.
  stopReason: end_turn
  usage:
    inputTokens: 18
    outputTokens: 46
    totalTokens: 64
  metrics:
    latencyMs: 2083
---
{
  "response": {
    "id": "[id]",
    "type": "message",
    "role": "assistant",
    "model": "input-model",
    "stop_reason": "end_turn",
    "stop_sequence": null,
    "usage": {
      "input_tokens": 18,
      "output_tokens": 46
    },
    "content": [
      {
        "type": "thinking",
        "thinking": "Two plus two is four.",
        "signature": "SIG-xyz=="
      },
      {
        "type": "redacted_thinking",
        "data": "cnNuX2pRenlYWklGSkxscEt5ZmxZa0NmdndJRmVMVjVaYkRXWDRo"
      },
      {
        "text": "The answer is 4.",
        "type": "text"
      }
    ]
  },
  "parsed": {
    "input_tokens": 18,
    "output_tokens": 46,
    "total_tokens": 64,
    "provider_model": "input-model"
  }
}
