---
source: crates/llm/src/golden_tests.rs
description: src/tests/requests/completions/reasoning_replay_unsigned.json
info:
  model: "anthropic.claude-3-7-sonnet-20250219-v1:0"
  messages:
    - role: user
      content: Hi
    - role: assistant
      content: Hello
      reasoning_content: no signature here
    - role: user
      content: Continue
---
{
  "request": {
    "messages": [
      {
        "role": "user",
        "content": [
          {
            "type": "text",
            "text": "Hi"
          }
        ]
      },
      {
        "role": "assistant",
        "content": [
          {
            "type": "text",
            "text": "Hello"
          }
        ]
      },
      {
        "role": "user",
        "content": [
          {
            "type": "text",
            "text": "Continue"
          }
        ]
      }
    ],
    "model": "anthropic.claude-3-7-sonnet-20250219-v1:0",
    "max_tokens": 4096
  },
  "parsed": {
    "input_format": "Completions",
    "cache_convention": "InputIncludesCache",
    "request_model": "anthropic.claude-3-7-sonnet-20250219-v1:0",
    "provider": "anthropic",
    "streaming": false,
    "params": {},
    "prompt": [
      {
        "role": "user",
        "content": "Hi"
      },
      {
        "role": "assistant",
        "content": "Hello"
      },
      {
        "role": "user",
        "content": "Continue"
      }
    ]
  }
}
