---
source: crates/llm/src/golden_tests.rs
description: src/tests/requests/completions/reasoning_replay.json
info:
  model: "anthropic.claude-3-7-sonnet-20250219-v1:0"
  messages:
    - role: user
      content: What is 2+2?
    - role: assistant
      content: "4"
      reasoning_content: Two plus two.
      reasoning_signature: SIG-replay==
    - role: user
      content: And 3+3?
---
{
  "request": {
    "messages": [
      {
        "role": "user",
        "content": [
          {
            "type": "text",
            "text": "What is 2+2?"
          }
        ]
      },
      {
        "role": "assistant",
        "content": [
          {
            "type": "thinking",
            "thinking": "Two plus two.",
            "signature": "SIG-replay=="
          },
          {
            "type": "text",
            "text": "4"
          }
        ]
      },
      {
        "role": "user",
        "content": [
          {
            "type": "text",
            "text": "And 3+3?"
          }
        ]
      }
    ],
    "model": "anthropic.claude-3-7-sonnet-20250219-v1:0",
    "max_tokens": 4096
  },
  "parsed": {
    "input_format": "Completions",
    "cache_convention": "InputIncludesCache",
    "request_model": "anthropic.claude-3-7-sonnet-20250219-v1:0",
    "provider": "anthropic",
    "streaming": false,
    "params": {},
    "prompt": [
      {
        "role": "user",
        "content": "What is 2+2?"
      },
      {
        "role": "assistant",
        "content": "4"
      },
      {
        "role": "user",
        "content": "And 3+3?"
      }
    ]
  }
}
