---
source: crates/llm/src/golden_tests.rs
description: src/tests/requests/completions/reasoning_max.json
info:
  model: claude-opus-4-6
  messages:
    - role: user
      content: Deeply analyze quantum gravity
  reasoning_effort: xhigh
---
{
  "request": {
    "messages": [
      {
        "role": "user",
        "content": [
          {
            "type": "text",
            "text": "Deeply analyze quantum gravity"
          }
        ]
      }
    ],
    "model": "claude-opus-4-6",
    "max_tokens": 4096,
    "thinking": {
      "type": "adaptive"
    },
    "output_config": {
      "effort": "xhigh"
    }
  },
  "parsed": {
    "input_format": "Completions",
    "cache_convention": "InputIncludesCache",
    "request_model": "claude-opus-4-6",
    "provider": "anthropic",
    "streaming": false,
    "params": {},
    "prompt": [
      {
        "role": "user",
        "content": "Deeply analyze quantum gravity"
      }
    ]
  }
}
