---
source: crates/llm/src/golden_tests.rs
description: src/tests/requests/completions/reasoning.json
info:
  model: gpt-3.5-turbo
  messages:
    - role: user
      content: How is the current weather in Columbus?
  reasoning_effort: medium
---
{
  "request": {
    "messages": [
      {
        "role": "user",
        "content": [
          {
            "text": "How is the current weather in Columbus?"
          }
        ]
      }
    ],
    "inferenceConfig": {
      "maxTokens": 4096
    },
    "additionalModelRequestFields": {
      "reasoning_effort": "medium"
    }
  },
  "parsed": {
    "input_format": "Completions",
    "cache_convention": "InputIncludesCache",
    "request_model": "gpt-3.5-turbo",
    "provider": "bedrock",
    "streaming": false,
    "params": {},
    "prompt": [
      {
        "role": "user",
        "content": "How is the current weather in Columbus?"
      }
    ]
  }
}
