---
source: crates/llm/src/golden_tests.rs
description: src/tests/response/completions/reasoning.json
info:
  id: chatcmpl-C3kBOLGARFj2WJrm5MRyuTiK4u6eG
  object: chat.completion
  created: 1755008546
  model: qwen3
  choices:
    - index: 0
      message:
        role: assistant
        content: Two plus two is 4.
        reasoning_content: The user is asking for a sum.
        reasoning_signature: SIG-response==
        refusal: ~
      logprobs: ~
      finish_reason: stop
  usage:
    prompt_tokens: 17
    completion_tokens: 23
    total_tokens: 40
    completion_tokens_details:
      reasoning_tokens: 12
---
{
  "response": {
    "id": "[id]",
    "type": "message",
    "role": "assistant",
    "content": [
      {
        "type": "thinking",
        "thinking": "The user is asking for a sum.",
        "signature": "SIG-response=="
      },
      {
        "type": "text",
        "text": "Two plus two is 4."
      }
    ],
    "model": "qwen3",
    "stop_reason": "end_turn",
    "stop_sequence": null,
    "usage": {
      "input_tokens": 17,
      "output_tokens": 23
    }
  },
  "parsed": {
    "input_tokens": 17,
    "output_tokens": 23,
    "total_tokens": 40,
    "provider_model": "qwen3"
  }
}
